###############################################################################
#
# IAR ANSI C/C++ Compiler V9.10.2.313/W64 for ARM         03/Nov/2021  18:51:32
# Copyright 1999-2021 IAR Systems AB.
#
#    Cpu mode          =  thumb
#    Endian            =  little
#    Source file       =  C:\Users\juhyeonlee\Desktop\Embedded\user\main.c
#    Command line      =
#        -f C:\Users\juhyeonlee\Desktop\Embedded\Debug\Obj\user\main.o.rsp
#        (C:\Users\juhyeonlee\Desktop\Embedded\user\main.c -D
#        USE_STDPERIPH_DRIVER -D STM32F10X_CL -lC
#        C:\Users\juhyeonlee\Desktop\Embedded\Debug\List\user -o
#        C:\Users\juhyeonlee\Desktop\Embedded\Debug\Obj\user --no_cse
#        --no_unroll --no_inline --no_code_motion --no_tbaa --no_clustering
#        --no_scheduling --debug --endian=little --cpu=Cortex-M3 -e --fpu=None
#        --dlib_config "C:\Program Files\IAR Systems\Embedded Workbench
#        9.0\arm\inc\c\DLib_Config_Normal.h" -I
#        C:\Users\juhyeonlee\Desktop\Embedded\user\inc\ -I
#        C:\Users\juhyeonlee\Desktop\Embedded\user\ -I
#        C:\Users\juhyeonlee\Desktop\Embedded\Libraries\CMSIS\DeviceSupport\Startup\
#        -I C:\Users\juhyeonlee\Desktop\Embedded\Libraries\CMSIS\DeviceSupport\
#        -I
#        C:\Users\juhyeonlee\Desktop\Embedded\Libraries\STM32F10x_StdPeriph_Driver_v3.5\inc\
#        -I
#        C:\Users\juhyeonlee\Desktop\Embedded\Libraries\STM32F10x_StdPeriph_Driver_v3.5\src\
#        -I C:\Users\juhyeonlee\Desktop\Embedded\Libraries\LCD\ -Ol -I
#        "C:\Program Files\IAR Systems\Embedded Workbench
#        9.0\arm\CMSIS\Core\Include\\" -I "C:\Program Files\IAR
#        Systems\Embedded Workbench 9.0\arm\CMSIS\DSP\Include\\")
#        --dependencies=n
#        C:\Users\juhyeonlee\Desktop\Embedded\Debug\Obj\user\main.o.d
#    Locale            =  C
#    List file         =
#        C:\Users\juhyeonlee\Desktop\Embedded\Debug\List\user\main.lst
#    Object file       =
#        C:\Users\juhyeonlee\Desktop\Embedded\Debug\Obj\user\main.o
#    Runtime model:       
#      __SystemLibrary =  DLib
#      __dlib_version  =  6
#      __size_limit    =  32768|ARM.EW.LINKER
#
###############################################################################

C:\Users\juhyeonlee\Desktop\Embedded\user\main.c
      1          #include "stm32f10x.h"

   \                                 In section .text, align 4, keep-with-next
   \   static __softfp void __NVIC_EnableIRQ(IRQn_Type)
   \                     __NVIC_EnableIRQ: (+1)
   \        0x0   0x0001             MOVS     R1,R0
   \        0x2   0xB249             SXTB     R1,R1
   \        0x4   0x2900             CMP      R1,#+0
   \        0x6   0xD408             BMI.N    ??__NVIC_EnableIRQ_0
   \        0x8   0x2201             MOVS     R2,#+1
   \        0xA   0xF010 0x011F      ANDS     R1,R0,#0x1F
   \        0xE   0x408A             LSLS     R2,R2,R1
   \       0x10   0x....             LDR.N    R1,??DataTable4
   \       0x12   0xB240             SXTB     R0,R0
   \       0x14   0x0940             LSRS     R0,R0,#+5
   \       0x16   0xF841 0x2020      STR      R2,[R1, R0, LSL #+2]
   \                     ??__NVIC_EnableIRQ_0: (+1)
   \       0x1A   0x4770             BX       LR
      2          #include "core_cm3.h"
      3          #include "misc.h"
      4          #include "stm32f10x_gpio.h"
      5          #include "stm32f10x_rcc.h"
      6          #include "stm32f10x_usart.h"
      7          #include "stm32f10x_adc.h"
      8          #include "lcd.h"
      9          #include "touch.h"
     10          

   \                                 In section .bss, align 1
     11          volatile uint8_t light;
   \                     light:
   \        0x0                      DS8 1
     12          

   \                                 In section .data, align 4
     13          int color[12] =
   \                     color:
   \        0x0   0x0000'FFFF        DC32 65'535, 32'767, 31, 63'488, 63'519, 50'712, 2'016, 65'504, 48'192

   \              0x0000'7FFF  

   \              0x0000'001F  

   \              0x0000'F800  

   \              0x0000'F81F  

   \              0x0000'C618  

   \              0x0000'07E0  

   \              0x0000'FFE0  

   \              0x0000'BC40
   \       0x24   0x0000'FC07        DC32 64'519, 33'840, 0

   \              0x0000'8430  

   \              0x0000'0000
     14          {WHITE,CYAN,BLUE,RED,MAGENTA,LGRAY,GREEN,YELLOW,BROWN,BRRED,GRAY};
     15          
     16          // void SystemInit(void)
     17          // {
     18          // 	//TODO
     19          // }
     20          

   \                                 In section .text, align 2, keep-with-next
     21          void RCC_Configure(void)
     22          {
   \                     RCC_Configure: (+1)
   \        0x0   0xB580             PUSH     {R7,LR}
     23          	// PB3 (sensor pin)
     24          	RCC_APB2PeriphClockCmd(RCC_APB2Periph_GPIOB, ENABLE);
   \        0x2   0x2101             MOVS     R1,#+1
   \        0x4   0x2008             MOVS     R0,#+8
   \        0x6   0x.... 0x....      BL       RCC_APB2PeriphClockCmd
     25          
     26          	// ADC
     27          	RCC_APB2PeriphClockCmd(RCC_APB2Periph_ADC1, ENABLE);
   \        0xA   0x2101             MOVS     R1,#+1
   \        0xC   0xF44F 0x7000      MOV      R0,#+512
   \       0x10   0x.... 0x....      BL       RCC_APB2PeriphClockCmd
     28          
     29          	/* Alternate Function IO clock enable */
     30          	RCC_APB2PeriphClockCmd(RCC_APB2Periph_AFIO, ENABLE);
   \       0x14   0x2101             MOVS     R1,#+1
   \       0x16   0x2001             MOVS     R0,#+1
   \       0x18   0x.... 0x....      BL       RCC_APB2PeriphClockCmd
     31          }
   \       0x1C   0xBD01             POP      {R0,PC}
     32          

   \                                 In section .text, align 2, keep-with-next
     33          void GPIO_Configure(void)
     34          {
   \                     GPIO_Configure: (+1)
   \        0x0   0xB580             PUSH     {R7,LR}
     35              GPIO_InitTypeDef GPIO_InitStructure;
     36          
     37              // PB3
     38              GPIO_InitStructure.GPIO_Pin = GPIO_Pin_3;
   \        0x2   0x2008             MOVS     R0,#+8
   \        0x4   0xF8AD 0x0000      STRH     R0,[SP, #+0]
     39              GPIO_InitStructure.GPIO_Mode = GPIO_Mode_IN_FLOATING;
   \        0x8   0x2004             MOVS     R0,#+4
   \        0xA   0xF88D 0x0003      STRB     R0,[SP, #+3]
     40              GPIO_Init(GPIOB, &GPIO_InitStructure);
   \        0xE   0x4669             MOV      R1,SP
   \       0x10   0x....             LDR.N    R0,??DataTable4_1
   \       0x12   0x.... 0x....      BL       GPIO_Init
     41          }
   \       0x16   0xBD01             POP      {R0,PC}
     42          

   \                                 In section .text, align 2, keep-with-next
     43          void ADC_Configure(void)
     44          {
   \                     ADC_Configure: (+1)
   \        0x0   0xB500             PUSH     {LR}
   \        0x2   0xB085             SUB      SP,SP,#+20
     45          	ADC_InitTypeDef ADC_InitStructure;
     46          
     47          	ADC_InitStructure.ADC_Mode = ADC_Mode_Independent;
   \        0x4   0x2000             MOVS     R0,#+0
   \        0x6   0x9000             STR      R0,[SP, #+0]
     48          	ADC_InitStructure.ADC_ScanConvMode = DISABLE;
   \        0x8   0x2000             MOVS     R0,#+0
   \        0xA   0xF88D 0x0004      STRB     R0,[SP, #+4]
     49          	ADC_InitStructure.ADC_ContinuousConvMode = ENABLE;
   \        0xE   0x2001             MOVS     R0,#+1
   \       0x10   0xF88D 0x0005      STRB     R0,[SP, #+5]
     50          	ADC_InitStructure.ADC_ExternalTrigConv = ADC_ExternalTrigConv_T1_CC1;
   \       0x14   0x2000             MOVS     R0,#+0
   \       0x16   0x9002             STR      R0,[SP, #+8]
     51          	ADC_InitStructure.ADC_DataAlign = ADC_DataAlign_Right;
   \       0x18   0x2000             MOVS     R0,#+0
   \       0x1A   0x9003             STR      R0,[SP, #+12]
     52          	ADC_InitStructure.ADC_NbrOfChannel = 1;
   \       0x1C   0x2001             MOVS     R0,#+1
   \       0x1E   0xF88D 0x0010      STRB     R0,[SP, #+16]
     53          	ADC_Init(ADC1, &ADC_InitStructure);
   \       0x22   0x4669             MOV      R1,SP
   \       0x24   0x....             LDR.N    R0,??DataTable4_2
   \       0x26   0x.... 0x....      BL       ADC_Init
     54          	ADC_Cmd(ADC1, ENABLE);
   \       0x2A   0x2101             MOVS     R1,#+1
   \       0x2C   0x....             LDR.N    R0,??DataTable4_2
   \       0x2E   0x.... 0x....      BL       ADC_Cmd
     55          }
   \       0x32   0xB005             ADD      SP,SP,#+20
   \       0x34   0xBD00             POP      {PC}
     56          

   \                                 In section .text, align 2, keep-with-next
     57          void NVIC_Configure(void) {
   \                     NVIC_Configure: (+1)
   \        0x0   0xB580             PUSH     {R7,LR}
     58          
     59              NVIC_InitTypeDef NVIC_InitStructure;
     60              
     61              NVIC_PriorityGroupConfig(NVIC_PriorityGroup_0);
   \        0x2   0xF44F 0x60E0      MOV      R0,#+1792
   \        0x6   0x.... 0x....      BL       NVIC_PriorityGroupConfig
     62          
     63              // PB3
     64              NVIC_EnableIRQ(EXTI3_IRQn);
   \        0xA   0x2009             MOVS     R0,#+9
   \        0xC   0x.... 0x....      BL       __NVIC_EnableIRQ
     65              NVIC_InitStructure.NVIC_IRQChannel = EXTI3_IRQn;
   \       0x10   0x2009             MOVS     R0,#+9
   \       0x12   0xF88D 0x0000      STRB     R0,[SP, #+0]
     66              NVIC_InitStructure.NVIC_IRQChannelPreemptionPriority = NVIC_IPR0_PRI_0;
   \       0x16   0x20FF             MOVS     R0,#+255
   \       0x18   0xF88D 0x0001      STRB     R0,[SP, #+1]
     67              NVIC_InitStructure.NVIC_IRQChannelSubPriority = 0x1;
   \       0x1C   0x2001             MOVS     R0,#+1
   \       0x1E   0xF88D 0x0002      STRB     R0,[SP, #+2]
     68              NVIC_InitStructure.NVIC_IRQChannelCmd = ENABLE;
   \       0x22   0x2001             MOVS     R0,#+1
   \       0x24   0xF88D 0x0003      STRB     R0,[SP, #+3]
     69              NVIC_Init(&NVIC_InitStructure);
   \       0x28   0x4668             MOV      R0,SP
   \       0x2A   0x.... 0x....      BL       NVIC_Init
     70          }
   \       0x2E   0xBD01             POP      {R0,PC}
     71          

   \                                 In section .text, align 2, keep-with-next
     72          void EXIT3_IRQnHandler(){
   \                     EXIT3_IRQnHandler: (+1)
   \        0x0   0xB580             PUSH     {R7,LR}
     73            if(EXTI_GetITStatus(EXTI_Line3)){
   \        0x2   0x2008             MOVS     R0,#+8
   \        0x4   0x.... 0x....      BL       EXTI_GetITStatus
   \        0x8   0x2800             CMP      R0,#+0
   \        0xA   0xD008             BEQ.N    ??EXIT3_IRQnHandler_0
     74              light = GPIO_ReadInputDataBit(GPIOB, GPIO_Pin_3);
   \        0xC   0x2108             MOVS     R1,#+8
   \        0xE   0x....             LDR.N    R0,??DataTable4_1
   \       0x10   0x.... 0x....      BL       GPIO_ReadInputDataBit
   \       0x14   0x....             LDR.N    R1,??DataTable4_3
   \       0x16   0x7008             STRB     R0,[R1, #+0]
     75              EXTI_ClearITPendingBit(EXTI_Line3);
   \       0x18   0x2008             MOVS     R0,#+8
   \       0x1A   0x.... 0x....      BL       EXTI_ClearITPendingBit
     76            }
     77          }
   \                     ??EXIT3_IRQnHandler_0: (+1)
   \       0x1E   0xBD01             POP      {R0,PC}
     78          

   \                                 In section .text, align 2, keep-with-next
     79          int main() {
   \                     main: (+1)
   \        0x0   0xB5F8             PUSH     {R3-R7,LR}
     80          	//LCD ﹉u﹞A 卹昆A５A足 LCD_Init ０╳ ▽╱Co伊C取i AOA╱易C﹞I ０使▽a卹〝 CO CE０a 取帚A卦
     81          	SystemInit();
   \        0x2   0x.... 0x....      BL       SystemInit
     82          	RCC_Configure();
   \        0x6   0x.... 0x....      BL       RCC_Configure
     83          	GPIO_Configure();
   \        0xA   0x.... 0x....      BL       GPIO_Configure
     84          	ADC_Configure();
   \        0xE   0x.... 0x....      BL       ADC_Configure
     85          	NVIC_Configure();
   \       0x12   0x.... 0x....      BL       NVIC_Configure
     86          
     87          	LCD_Init();
   \       0x16   0x.... 0x....      BL       LCD_Init
     88          	Touch_Configuration();
   \       0x1A   0x.... 0x....      BL       Touch_Configuration
     89          	Touch_Adjust();
   \       0x1E   0x.... 0x....      BL       Touch_Adjust
     90          	LCD_Clear(WHITE);
   \       0x22   0xF64F 0x70FF      MOVW     R0,#+65535
   \       0x26   0x.... 0x....      BL       LCD_Clear
     91          
     92          	while(1){
     93                    
     94                          uint16_t pos_x, x = 0;
   \                     ??main_0: (+1)
   \       0x2A   0x2000             MOVS     R0,#+0
   \       0x2C   0xF8AD 0x000A      STRH     R0,[SP, #+10]
     95                          uint16_t pos_y, y = 0;
   \       0x30   0x2000             MOVS     R0,#+0
   \       0x32   0xF8AD 0x0008      STRH     R0,[SP, #+8]
     96          		
     97                          // LCD ﹉見 Aa﹞A 易▼ AIA╳ AAC﹠ A芍▽a
     98                          LCD_ShowString(40, 40, "MON_TEAM03", color[11], color[0]); // TEAM_03 Aa﹞A
   \       0x36   0x....             LDR.N    R0,??DataTable4_4
   \       0x38   0x6800             LDR      R0,[R0, #+0]
   \       0x3A   0xB280             UXTH     R0,R0
   \       0x3C   0x9000             STR      R0,[SP, #+0]
   \       0x3E   0x....             LDR.N    R0,??DataTable4_4
   \       0x40   0x6AC0             LDR      R0,[R0, #+44]
   \       0x42   0x0003             MOVS     R3,R0
   \       0x44   0xB29B             UXTH     R3,R3
   \       0x46   0x....             LDR.N    R2,??DataTable4_5
   \       0x48   0x2128             MOVS     R1,#+40
   \       0x4A   0x2028             MOVS     R0,#+40
   \       0x4C   0x.... 0x....      BL       LCD_ShowString
     99                          
    100                          
    101                          Touch_GetXY(&pos_x, &pos_y, 1);
   \       0x50   0x2201             MOVS     R2,#+1
   \       0x52   0xA903             ADD      R1,SP,#+12
   \       0x54   0xF10D 0x000E      ADD      R0,SP,#+14
   \       0x58   0x.... 0x....      BL       Touch_GetXY
    102                          Convert_Pos(pos_x, pos_y, &x, &y);
   \       0x5C   0xAB02             ADD      R3,SP,#+8
   \       0x5E   0xF10D 0x020A      ADD      R2,SP,#+10
   \       0x62   0xF8BD 0x100C      LDRH     R1,[SP, #+12]
   \       0x66   0xF8BD 0x000E      LDRH     R0,[SP, #+14]
   \       0x6A   0x.... 0x....      BL       Convert_Pos
    103                          LCD_ShowNum(60, 150, x, 10, color[11], color[0]); // xAAC﹠ Aa﹞A
   \       0x6E   0x....             LDR.N    R0,??DataTable4_4
   \       0x70   0x6800             LDR      R0,[R0, #+0]
   \       0x72   0xB280             UXTH     R0,R0
   \       0x74   0x9001             STR      R0,[SP, #+4]
   \       0x76   0x....             LDR.N    R0,??DataTable4_4
   \       0x78   0x6AC0             LDR      R0,[R0, #+44]
   \       0x7A   0xB280             UXTH     R0,R0
   \       0x7C   0x9000             STR      R0,[SP, #+0]
   \       0x7E   0x230A             MOVS     R3,#+10
   \       0x80   0xF8BD 0x200A      LDRH     R2,[SP, #+10]
   \       0x84   0x2196             MOVS     R1,#+150
   \       0x86   0x203C             MOVS     R0,#+60
   \       0x88   0x.... 0x....      BL       LCD_ShowNum
    104                          LCD_ShowNum(60, 180, y, 10, color[11], color[0]); // yAAC﹠ Aa﹞A
   \       0x8C   0x....             LDR.N    R0,??DataTable4_4
   \       0x8E   0x6800             LDR      R0,[R0, #+0]
   \       0x90   0xB280             UXTH     R0,R0
   \       0x92   0x9001             STR      R0,[SP, #+4]
   \       0x94   0x....             LDR.N    R0,??DataTable4_4
   \       0x96   0x6AC0             LDR      R0,[R0, #+44]
   \       0x98   0xB280             UXTH     R0,R0
   \       0x9A   0x9000             STR      R0,[SP, #+0]
   \       0x9C   0x230A             MOVS     R3,#+10
   \       0x9E   0xF8BD 0x2008      LDRH     R2,[SP, #+8]
   \       0xA2   0x21B4             MOVS     R1,#+180
   \       0xA4   0x203C             MOVS     R0,#+60
   \       0xA6   0x.... 0x....      BL       LCD_ShowNum
    105                          LCD_DrawCircle(x, y, 5); // AIA╳CN AU╱Ｙ０╳ 伊０▽▼Ｄo易I ▽▼╱Ｙ▽a
   \       0xAA   0x2205             MOVS     R2,#+5
   \       0xAC   0xF8BD 0x1008      LDRH     R1,[SP, #+8]
   \       0xB0   0xF8BD 0x000A      LDRH     R0,[SP, #+10]
   \       0xB4   0x.... 0x....      BL       LCD_DrawCircle
    106                          LCD_ShowNum(60, 300, light, 10, color[11], color[0]); // AＤ伊伊 ﹉見 Aa﹞A               
                                                 ^
Warning[Pe069]: integer conversion resulted in truncation
   \       0xB8   0x....             LDR.N    R0,??DataTable4_4
   \       0xBA   0x6800             LDR      R0,[R0, #+0]
   \       0xBC   0xB280             UXTH     R0,R0
   \       0xBE   0x9001             STR      R0,[SP, #+4]
   \       0xC0   0x....             LDR.N    R0,??DataTable4_4
   \       0xC2   0x6AC0             LDR      R0,[R0, #+44]
   \       0xC4   0xB280             UXTH     R0,R0
   \       0xC6   0x9000             STR      R0,[SP, #+0]
   \       0xC8   0x230A             MOVS     R3,#+10
   \       0xCA   0x....             LDR.N    R0,??DataTable4_3
   \       0xCC   0x7802             LDRB     R2,[R0, #+0]
   \       0xCE   0x212C             MOVS     R1,#+44
   \       0xD0   0x203C             MOVS     R0,#+60
   \       0xD2   0x.... 0x....      BL       LCD_ShowNum
   \       0xD6   0xE7A8             B.N      ??main_0
    107          	}
    108          }

   \                                 In section .text, align 4, keep-with-next
   \                     ??DataTable4:
   \        0x0   0xE000'E100        DC32     0xe000e100

   \                                 In section .text, align 4, keep-with-next
   \                     ??DataTable4_1:
   \        0x0   0x4001'0C00        DC32     0x40010c00

   \                                 In section .text, align 4, keep-with-next
   \                     ??DataTable4_2:
   \        0x0   0x4001'2400        DC32     0x40012400

   \                                 In section .text, align 4, keep-with-next
   \                     ??DataTable4_3:
   \        0x0   0x....'....        DC32     light

   \                                 In section .text, align 4, keep-with-next
   \                     ??DataTable4_4:
   \        0x0   0x....'....        DC32     color

   \                                 In section .text, align 4, keep-with-next
   \                     ??DataTable4_5:
   \        0x0   0x....'....        DC32     ?_0

   \                                 In section .rodata, align 4
   \                     ?_0:
   \        0x0   0x4D 0x4F          DC8 "MON_TEAM03"

   \              0x4E 0x5F    

   \              0x54 0x45    

   \              0x41 0x4D    

   \              0x30 0x33    

   \              0x00
   \        0xB                      DS8 1

   Maximum stack usage in bytes:

   .cstack Function
   ------- --------
      24   ADC_Configure
        24   -> ADC_Cmd
        24   -> ADC_Init
       8   EXIT3_IRQnHandler
         8   -> EXTI_ClearITPendingBit
         8   -> EXTI_GetITStatus
         8   -> GPIO_ReadInputDataBit
       8   GPIO_Configure
         8   -> GPIO_Init
       8   NVIC_Configure
         8   -> NVIC_Init
         8   -> NVIC_PriorityGroupConfig
         8   -> __NVIC_EnableIRQ
       8   RCC_Configure
         8   -> RCC_APB2PeriphClockCmd
       0   __NVIC_EnableIRQ
      24   main
        24   -> ADC_Configure
        24   -> Convert_Pos
        24   -> GPIO_Configure
        24   -> LCD_Clear
        24   -> LCD_DrawCircle
        24   -> LCD_Init
        24   -> LCD_ShowNum
        24   -> LCD_ShowString
        24   -> NVIC_Configure
        24   -> RCC_Configure
        24   -> SystemInit
        24   -> Touch_Adjust
        24   -> Touch_Configuration
        24   -> Touch_GetXY


   Section sizes:

   Bytes  Function/Label
   -----  --------------
       4  ??DataTable4
       4  ??DataTable4_1
       4  ??DataTable4_2
       4  ??DataTable4_3
       4  ??DataTable4_4
       4  ??DataTable4_5
      12  ?_0
      54  ADC_Configure
      32  EXIT3_IRQnHandler
      24  GPIO_Configure
      48  NVIC_Configure
      30  RCC_Configure
      28  __NVIC_EnableIRQ
      48  color
       1  light
     216  main

 
   1 byte  in section .bss
  48 bytes in section .data
  12 bytes in section .rodata
 456 bytes in section .text
 
 456 bytes of CODE  memory
  12 bytes of CONST memory
  49 bytes of DATA  memory

Errors: none
Warnings: 1
