###############################################################################
#
# IAR ELF Linker V9.10.2.313/W64 for ARM                  08/Nov/2021  12:56:30
# Copyright 2007-2021 IAR Systems AB.
#
#    Output file  =  C:\Users\juhyeonlee\Desktop\Embedded\Debug\Exe\test.out
#    Map file     =  C:\Users\juhyeonlee\Desktop\Embedded\Debug\List\test.map
#    Command line =
#        -f C:\Users\juhyeonlee\Desktop\Embedded\Debug\Exe\test.out.rsp
#        (C:\Users\juhyeonlee\Desktop\Embedded\Debug\Obj\CoreSupport\core_cm3.o
#        C:\Users\juhyeonlee\Desktop\Embedded\Debug\Obj\Libraries\lcd.o
#        C:\Users\juhyeonlee\Desktop\Embedded\Debug\Obj\user\main.o
#        C:\Users\juhyeonlee\Desktop\Embedded\Debug\Obj\Libraries\misc.o
#        C:\Users\juhyeonlee\Desktop\Embedded\Debug\Obj\Libraries\startup_stm32f10x_cl.o
#        C:\Users\juhyeonlee\Desktop\Embedded\Debug\Obj\Libraries\stm32f10x_adc.o
#        C:\Users\juhyeonlee\Desktop\Embedded\Debug\Obj\Libraries\stm32f10x_bkp.o
#        C:\Users\juhyeonlee\Desktop\Embedded\Debug\Obj\Libraries\stm32f10x_can.o
#        C:\Users\juhyeonlee\Desktop\Embedded\Debug\Obj\Libraries\stm32f10x_cec.o
#        C:\Users\juhyeonlee\Desktop\Embedded\Debug\Obj\Libraries\stm32f10x_crc.o
#        C:\Users\juhyeonlee\Desktop\Embedded\Debug\Obj\Libraries\stm32f10x_dac.o
#        C:\Users\juhyeonlee\Desktop\Embedded\Debug\Obj\Libraries\stm32f10x_dbgmcu.o
#        C:\Users\juhyeonlee\Desktop\Embedded\Debug\Obj\Libraries\stm32f10x_dma.o
#        C:\Users\juhyeonlee\Desktop\Embedded\Debug\Obj\Libraries\stm32f10x_exti.o
#        C:\Users\juhyeonlee\Desktop\Embedded\Debug\Obj\Libraries\stm32f10x_flash.o
#        C:\Users\juhyeonlee\Desktop\Embedded\Debug\Obj\Libraries\stm32f10x_fsmc.o
#        C:\Users\juhyeonlee\Desktop\Embedded\Debug\Obj\Libraries\stm32f10x_gpio.o
#        C:\Users\juhyeonlee\Desktop\Embedded\Debug\Obj\Libraries\stm32f10x_i2c.o
#        C:\Users\juhyeonlee\Desktop\Embedded\Debug\Obj\user\stm32f10x_it.o
#        C:\Users\juhyeonlee\Desktop\Embedded\Debug\Obj\Libraries\stm32f10x_iwdg.o
#        C:\Users\juhyeonlee\Desktop\Embedded\Debug\Obj\Libraries\stm32f10x_pwr.o
#        C:\Users\juhyeonlee\Desktop\Embedded\Debug\Obj\Libraries\stm32f10x_rcc.o
#        C:\Users\juhyeonlee\Desktop\Embedded\Debug\Obj\Libraries\stm32f10x_rtc.o
#        C:\Users\juhyeonlee\Desktop\Embedded\Debug\Obj\Libraries\stm32f10x_sdio.o
#        C:\Users\juhyeonlee\Desktop\Embedded\Debug\Obj\Libraries\stm32f10x_spi.o
#        C:\Users\juhyeonlee\Desktop\Embedded\Debug\Obj\Libraries\stm32f10x_tim.o
#        C:\Users\juhyeonlee\Desktop\Embedded\Debug\Obj\Libraries\stm32f10x_usart.o
#        C:\Users\juhyeonlee\Desktop\Embedded\Debug\Obj\Libraries\stm32f10x_wwdg.o
#        C:\Users\juhyeonlee\Desktop\Embedded\Debug\Obj\Libraries\system_stm32f10x.o
#        C:\Users\juhyeonlee\Desktop\Embedded\Debug\Obj\Libraries\touch.o
#        --no_out_extension -o
#        C:\Users\juhyeonlee\Desktop\Embedded\Debug\Exe\test.out --map
#        C:\Users\juhyeonlee\Desktop\Embedded\Debug\List\test.map --log
#        libraries,initialization,modules,redirects,sections,veneers,unused_fragments,call_graph
#        --log_file C:\Users\juhyeonlee\Desktop\Embedded\Debug\List\test.log
#        --config "C:\Program Files\IAR Systems\Embedded Workbench
#        9.0\arm\config\linker\ST\stm32f107xC.icf" --semihosting --entry
#        __iar_program_start --vfe --text_out locale)
#
###############################################################################

*******************************************************************************
*** RUNTIME MODEL ATTRIBUTES
***

CppFlavor       = *
__SystemLibrary = DLib
__dlib_version  = 6


*******************************************************************************
*** HEAP SELECTION
***

The basic heap was selected because some modules are built with
size limitations (and not runtime checking), and --advanced_heap
was not specified.


*******************************************************************************
*** PLACEMENT SUMMARY
***

"A0":  place at address 0x800'0000 { ro section .intvec };
"P1":  place in [from 0x800'0000 to 0x803'ffff] { ro };
define block CSTACK with size = 4K, alignment = 8 { };
define block HEAP with size = 4K, alignment = 8 { };
"P2":  place in [from 0x2000'0000 to 0x2000'ffff] {
          rw, block CSTACK, block HEAP };

  Section          Kind         Address    Size  Object
  -------          ----         -------    ----  ------
"A0":                                     0x150
  .intvec          ro code   0x800'0000   0x150  startup_stm32f10x_cl.o [2]
                           - 0x800'0150   0x150

"P1":                                    0x3330
  .text            ro code   0x800'0150   0xbac  lcd.o [2]
  .text            ro code   0x800'0cfc    0xde  stm32f10x_gpio.o [2]
  .text            ro code   0x800'0ddc    0x48  stm32f10x_rcc.o [2]
  .text            ro code   0x800'0e24     0x8  abs.o [4]
  .text            ro code   0x800'0e2c   0x79c  touch.o [2]
  .text            ro code   0x800'15c8    0x1a  U32ToFlt.o [5]
  .text            ro code   0x800'15e4    0xd8  FltMul.o [5]
  .text            ro code   0x800'16bc    0x24  S32ToFlt.o [5]
  .text            ro code   0x800'16e0   0x16e  FltAddSub.o [5]
  .text            ro code   0x800'1850    0x26  FltToS32.o [5]
  .text            ro code   0x800'1878    0x1c  U32ToDbl.o [5]
  .text            ro code   0x800'1894    0xf2  sqrt.o [5]
  .text            ro code   0x800'1988    0x36  DblToS32.o [5]
  .text            ro code   0x800'19c0   0x118  FltDiv.o [5]
  .text            ro code   0x800'1ad8    0x28  FltCmpLe.o [5]
  .text            ro code   0x800'1b00    0x28  FltCmpGe.o [5]
  .rodata          const     0x800'1b28   0x5f0  lcd.o [2]
  .rodata          const     0x800'2118   0x594  lcd.o [2]
  .rodata          const     0x800'26ac   0x474  lcd.o [2]
  .text            ro code   0x800'2b20   0x3f4  main.o [3]
  .text            ro code   0x800'2f14   0x114  stm32f10x_tim.o [2]
  .text            ro code   0x800'3028    0x80  misc.o [2]
  .text            ro code   0x800'30a8   0x1a4  system_stm32f10x.o [2]
  .text            ro code   0x800'324c    0x38  zero_init3.o [6]
  .text            ro code   0x800'3284    0x28  data_init.o [6]
  .iar.init_table  const     0x800'32ac    0x10  - Linker created -
  .text            ro code   0x800'32bc    0x1e  cmain.o [6]
  .text            ro code   0x800'32da     0x4  low_level_init.o [4]
  .text            ro code   0x800'32de     0x4  exit.o [4]
  .text            ro code   0x800'32e4     0xa  cexit.o [6]
  .text            ro code   0x800'32f0    0x14  exit.o [7]
  .text            ro code   0x800'3304    0x1c  cstartup_M.o [6]
  .text            ro code   0x800'3320    0x12  stm32f10x_it.o [3]
  .text            ro code   0x800'3334    0x10  startup_stm32f10x_cl.o [2]
  .rodata          const     0x800'3344     0xc  main.o [3]
  .rodata          const     0x800'3350     0x8  main.o [3]
  .rodata          const     0x800'3358     0x8  main.o [3]
  .rodata          const     0x800'3360     0x8  main.o [3]
  .text            ro code   0x800'3368     0x4  startup_stm32f10x_cl.o [2]
  .text            ro code   0x800'336c     0x4  startup_stm32f10x_cl.o [2]
  .text            ro code   0x800'3370     0x4  startup_stm32f10x_cl.o [2]
  .text            ro code   0x800'3374     0x4  startup_stm32f10x_cl.o [2]
  .text            ro code   0x800'3378     0x4  startup_stm32f10x_cl.o [2]
  .text            ro code   0x800'337c     0x4  startup_stm32f10x_cl.o [2]
  .text            ro code   0x800'3380     0x4  startup_stm32f10x_cl.o [2]
  .text            ro code   0x800'3384     0x4  startup_stm32f10x_cl.o [2]
  .text            ro code   0x800'3388     0x4  startup_stm32f10x_cl.o [2]
  .text            ro code   0x800'338c     0x4  startup_stm32f10x_cl.o [2]
  .text            ro code   0x800'3390     0x4  startup_stm32f10x_cl.o [2]
  .text            ro code   0x800'3394     0x4  startup_stm32f10x_cl.o [2]
  .text            ro code   0x800'3398     0x4  startup_stm32f10x_cl.o [2]
  .text            ro code   0x800'339c     0x4  startup_stm32f10x_cl.o [2]
  .text            ro code   0x800'33a0     0x4  startup_stm32f10x_cl.o [2]
  .text            ro code   0x800'33a4     0x4  startup_stm32f10x_cl.o [2]
  .text            ro code   0x800'33a8     0x4  startup_stm32f10x_cl.o [2]
  .text            ro code   0x800'33ac     0x4  startup_stm32f10x_cl.o [2]
  .text            ro code   0x800'33b0     0x4  startup_stm32f10x_cl.o [2]
  .text            ro code   0x800'33b4     0x4  startup_stm32f10x_cl.o [2]
  .text            ro code   0x800'33b8     0x4  startup_stm32f10x_cl.o [2]
  .text            ro code   0x800'33bc     0x4  startup_stm32f10x_cl.o [2]
  .text            ro code   0x800'33c0     0x4  startup_stm32f10x_cl.o [2]
  .text            ro code   0x800'33c4     0x4  startup_stm32f10x_cl.o [2]
  .text            ro code   0x800'33c8     0x4  startup_stm32f10x_cl.o [2]
  .text            ro code   0x800'33cc     0x4  startup_stm32f10x_cl.o [2]
  .text            ro code   0x800'33d0     0x4  startup_stm32f10x_cl.o [2]
  .text            ro code   0x800'33d4     0x4  startup_stm32f10x_cl.o [2]
  .text            ro code   0x800'33d8     0x4  startup_stm32f10x_cl.o [2]
  .text            ro code   0x800'33dc     0x4  startup_stm32f10x_cl.o [2]
  .text            ro code   0x800'33e0     0x4  startup_stm32f10x_cl.o [2]
  .text            ro code   0x800'33e4     0x4  startup_stm32f10x_cl.o [2]
  .text            ro code   0x800'33e8     0x4  startup_stm32f10x_cl.o [2]
  .text            ro code   0x800'33ec     0x4  startup_stm32f10x_cl.o [2]
  .text            ro code   0x800'33f0     0x4  startup_stm32f10x_cl.o [2]
  .text            ro code   0x800'33f4     0x4  startup_stm32f10x_cl.o [2]
  .text            ro code   0x800'33f8     0x4  startup_stm32f10x_cl.o [2]
  .text            ro code   0x800'33fc     0x4  startup_stm32f10x_cl.o [2]
  .text            ro code   0x800'3400     0x4  startup_stm32f10x_cl.o [2]
  .text            ro code   0x800'3404     0x4  startup_stm32f10x_cl.o [2]
  .text            ro code   0x800'3408     0x4  startup_stm32f10x_cl.o [2]
  .text            ro code   0x800'340c     0x4  startup_stm32f10x_cl.o [2]
  .text            ro code   0x800'3410     0x4  startup_stm32f10x_cl.o [2]
  .text            ro code   0x800'3414     0x4  startup_stm32f10x_cl.o [2]
  .text            ro code   0x800'3418     0x4  startup_stm32f10x_cl.o [2]
  .text            ro code   0x800'341c     0x4  startup_stm32f10x_cl.o [2]
  .text            ro code   0x800'3420     0x4  startup_stm32f10x_cl.o [2]
  .text            ro code   0x800'3424     0x4  startup_stm32f10x_cl.o [2]
  .text            ro code   0x800'3428     0x4  startup_stm32f10x_cl.o [2]
  .text            ro code   0x800'342c     0x4  startup_stm32f10x_cl.o [2]
  .text            ro code   0x800'3430     0x4  startup_stm32f10x_cl.o [2]
  .text            ro code   0x800'3434     0x4  startup_stm32f10x_cl.o [2]
  .text            ro code   0x800'3438     0x4  startup_stm32f10x_cl.o [2]
  .text            ro code   0x800'343c     0x4  startup_stm32f10x_cl.o [2]
  .text            ro code   0x800'3440     0x4  startup_stm32f10x_cl.o [2]
  .text            ro code   0x800'3444     0x4  startup_stm32f10x_cl.o [2]
  .text            ro code   0x800'3448     0x4  startup_stm32f10x_cl.o [2]
  .text            ro code   0x800'344c     0x4  startup_stm32f10x_cl.o [2]
  .text            ro code   0x800'3450     0x4  startup_stm32f10x_cl.o [2]
  .text            ro code   0x800'3454     0x4  startup_stm32f10x_cl.o [2]
  .text            ro code   0x800'3458     0x4  startup_stm32f10x_cl.o [2]
  .text            ro code   0x800'345c     0x4  startup_stm32f10x_cl.o [2]
  .text            ro code   0x800'3460     0x4  startup_stm32f10x_cl.o [2]
  .text            ro code   0x800'3464     0x4  startup_stm32f10x_cl.o [2]
  .text            ro code   0x800'3468     0x4  startup_stm32f10x_cl.o [2]
  .text            ro code   0x800'346c     0x4  startup_stm32f10x_cl.o [2]
  .text            ro code   0x800'3470     0x4  startup_stm32f10x_cl.o [2]
  .text            ro code   0x800'3474     0x4  startup_stm32f10x_cl.o [2]
  .text            ro code   0x800'3478     0x4  startup_stm32f10x_cl.o [2]
  .text            ro code   0x800'347c     0x4  startup_stm32f10x_cl.o [2]
  .rodata          const     0x800'3480     0x0  zero_init3.o [6]
                           - 0x800'3480  0x3330

"P2", part 1 of 2:                         0x1c
  .bss             zero     0x2000'0000     0x4  touch.o [2]
  .bss             zero     0x2000'0004     0x4  touch.o [2]
  .bss             zero     0x2000'0008     0x2  lcd.o [2]
  .bss             zero     0x2000'000a     0x2  main.o [3]
  .bss             zero     0x2000'000c     0x2  main.o [3]
  .bss             zero     0x2000'000e     0x2  main.o [3]
  .bss             zero     0x2000'0010     0x2  main.o [3]
  .bss             zero     0x2000'0012     0x2  main.o [3]
  .bss             zero     0x2000'0014     0x2  main.o [3]
  .bss             zero     0x2000'0016     0x2  main.o [3]
  .bss             zero     0x2000'0018     0x2  touch.o [2]
  .bss             zero     0x2000'001a     0x2  touch.o [2]
                          - 0x2000'001c    0x1c

"P2", part 2 of 2:                       0x1000
  CSTACK                    0x2000'0020  0x1000  <Block>
    CSTACK         uninit   0x2000'0020  0x1000  <Block tail>
                          - 0x2000'1020  0x1000

Unused ranges:

         From           To      Size
         ----           --      ----
   0x800'3480   0x803'ffff  0x3'cb80
  0x2000'001c  0x2000'001f       0x4
  0x2000'1020  0x2000'ffff    0xefe0


*******************************************************************************
*** INIT TABLE
***

          Address      Size
          -------      ----
Zero (__iar_zero_init3)
    1 destination range, total size 0x1c:
          0x2000'0000  0x1c



*******************************************************************************
*** MODULE SUMMARY
***

    Module                  ro code  ro data  rw data
    ------                  -------  -------  -------
command line/config:
    -------------------------------------------------
    Total:

C:\Users\juhyeonlee\Desktop\Embedded\Debug\Obj\CoreSupport: [1]
    -------------------------------------------------
    Total:

C:\Users\juhyeonlee\Desktop\Embedded\Debug\Obj\Libraries: [2]
    lcd.o                     2'988    4'088        2
    misc.o                      128
    startup_stm32f10x_cl.o      632
    stm32f10x_gpio.o            222
    stm32f10x_rcc.o              72
    stm32f10x_tim.o             276
    system_stm32f10x.o          420
    touch.o                   1'948                12
    -------------------------------------------------
    Total:                    6'686    4'088       14

C:\Users\juhyeonlee\Desktop\Embedded\Debug\Obj\user: [3]
    main.o                    1'012       36       14
    stm32f10x_it.o               18
    -------------------------------------------------
    Total:                    1'030       36       14

dl7M_tln.a: [4]
    abs.o                         8
    exit.o                        4
    low_level_init.o              4
    -------------------------------------------------
    Total:                       16

m7M_tl.a: [5]
    DblToS32.o                   54
    FltAddSub.o                 366
    FltCmpGe.o                   40
    FltCmpLe.o                   40
    FltDiv.o                    280
    FltMul.o                    216
    FltToS32.o                   38
    S32ToFlt.o                   36
    U32ToDbl.o                   28
    U32ToFlt.o                   26
    sqrt.o                      242
    -------------------------------------------------
    Total:                    1'366

rt7M_tl.a: [6]
    cexit.o                      10
    cmain.o                      30
    cstartup_M.o                 28
    data_init.o                  40
    zero_init3.o                 56
    -------------------------------------------------
    Total:                      164

shb_l.a: [7]
    exit.o                       20
    -------------------------------------------------
    Total:                       20

    Gaps                         18
    Linker created                        16    4'096
-----------------------------------------------------
    Grand Total:              9'300    4'140    4'124


*******************************************************************************
*** ENTRY LIST
***

Entry                       Address   Size  Type      Object
-----                       -------   ----  ----      ------
.iar.init_table$$Base    0x800'32ac          --   Gb  - Linker created -
.iar.init_table$$Limit   0x800'32bc          --   Gb  - Linker created -
?main                    0x800'32bd         Code  Gb  cmain.o [6]
ADS_Read_AD              0x800'0e81   0x9e  Code  Gb  touch.o [2]
ADS_Read_XY              0x800'0f1f   0xae  Code  Gb  touch.o [2]
ADS_Write_Byte           0x800'0e2d   0x52  Code  Gb  touch.o [2]
BusFault_Handler         0x800'3327    0x2  Code  Gb  stm32f10x_it.o [3]
CSTACK$$Base            0x2000'0020          --   Gb  - Linker created -
CSTACK$$Limit           0x2000'1020          --   Gb  - Linker created -
Convert_Pos              0x800'124b   0x58  Code  Gb  touch.o [2]
DebugMon_Handler         0x800'332d    0x2  Code  Gb  stm32f10x_it.o [3]
DeviceCode              0x2000'0008    0x2  Data  Gb  lcd.o [2]
Drow_Touch_Point         0x800'11d7   0x68  Code  Gb  touch.o [2]
GBHZ_16                  0x800'2118  0x594  Data  Gb  lcd.o [2]
GPIO_Configure           0x800'2b5b   0x3a  Code  Gb  main.o [3]
GPIO_Init                0x800'0cfd   0xc6  Code  Gb  stm32f10x_gpio.o [2]
GPIO_ReadInputData       0x800'0dc3    0x6  Code  Gb  stm32f10x_gpio.o [2]
GPIO_ResetBits           0x800'0dcf    0x6  Code  Gb  stm32f10x_gpio.o [2]
GPIO_SetBits             0x800'0dc9    0x6  Code  Gb  stm32f10x_gpio.o [2]
GPIO_Write               0x800'0dd5    0x6  Code  Gb  stm32f10x_gpio.o [2]
HardFault_Handler        0x800'3323    0x2  Code  Gb  stm32f10x_it.o [3]
LCD_Clear                0x800'0685   0x28  Code  Gb  lcd.o [2]
LCD_Configuration        0x800'0299   0x74  Code  Lc  lcd.o [2]
LCD_Delay                0x800'030d   0x26  Code  Lc  lcd.o [2]
LCD_DrawLine             0x800'0743  0x110  Code  Gb  lcd.o [2]
LCD_DrawPoint            0x800'072b   0x18  Code  Gb  lcd.o [2]
LCD_DrawRectangle        0x800'0853   0x5c  Code  Gb  lcd.o [2]
LCD_Init                 0x800'034b  0x33a  Code  Gb  lcd.o [2]
LCD_ReadReg              0x800'01e5   0x8c  Code  Lc  lcd.o [2]
LCD_SetCursor            0x800'06ad   0x3e  Code  Gb  lcd.o [2]
LCD_ShowChar             0x800'08af  0x102  Code  Gb  lcd.o [2]
LCD_ShowCharString       0x800'09b1   0x58  Code  Gb  lcd.o [2]
LCD_ShowHzString         0x800'0c7d   0x62  Code  Gb  lcd.o [2]
LCD_ShowNum              0x800'0a09   0xe8  Code  Gb  lcd.o [2]
LCD_ShowString           0x800'0af1   0x5e  Code  Gb  lcd.o [2]
LCD_WR_DATA              0x800'019b   0x4a  Code  Lc  lcd.o [2]
LCD_WR_REG               0x800'0151   0x4a  Code  Lc  lcd.o [2]
LCD_WindowMax            0x800'06eb   0x40  Code  Gb  lcd.o [2]
LCD_WriteRAM             0x800'028f    0xa  Code  Lc  lcd.o [2]
LCD_WriteRAM_Prepare     0x800'0285    0xa  Code  Lc  lcd.o [2]
LCD_WriteReg             0x800'0271   0x14  Code  Lc  lcd.o [2]
MemManage_Handler        0x800'3325    0x2  Code  Gb  stm32f10x_it.o [3]
NMI_Handler              0x800'3321    0x2  Code  Gb  stm32f10x_it.o [3]
NVIC_Configure           0x800'2bd3   0x3c  Code  Gb  main.o [3]
NVIC_Init                0x800'3033   0x60  Code  Gb  misc.o [2]
NVIC_PriorityGroupConfig
                         0x800'3029    0xa  Code  Gb  misc.o [2]
PendSV_Handler           0x800'332f    0x2  Code  Gb  stm32f10x_it.o [3]
RCC_APB1PeriphClockCmd   0x800'0dfd   0x20  Code  Gb  stm32f10x_rcc.o [2]
RCC_APB2PeriphClockCmd   0x800'0ddd   0x20  Code  Gb  stm32f10x_rcc.o [2]
RCC_Configure            0x800'2b3f   0x1c  Code  Gb  main.o [3]
Read_ADSX                0x800'0fcd   0x1c  Code  Gb  touch.o [2]
Read_ADSY                0x800'0fe9   0x1c  Code  Gb  touch.o [2]
Refreshes_Screen         0x800'123f    0xc  Code  Gb  touch.o [2]
Region$$Table$$Base      0x800'32ac          --   Gb  - Linker created -
Region$$Table$$Limit     0x800'32bc          --   Gb  - Linker created -
SVC_Handler              0x800'332b    0x2  Code  Gb  stm32f10x_it.o [3]
SetSysClock              0x800'310f    0x8  Code  Lc  system_stm32f10x.o [2]
SetSysClockTo72          0x800'3117  0x110  Code  Lc  system_stm32f10x.o [2]
SysTick_Handler          0x800'3331    0x2  Code  Gb  stm32f10x_it.o [3]
SystemInit               0x800'30a9   0x66  Code  Gb  system_stm32f10x.o [2]
TIM2_Configure           0x800'2b95   0x3e  Code  Gb  main.o [3]
TIM2_IRQHandler          0x800'2c0f  0x16c  Code  Gb  main.o [3]
TIM_ARRPreloadConfig     0x800'2fdb   0x1c  Code  Gb  stm32f10x_tim.o [2]
TIM_ClearITPendingBit    0x800'2ff7    0x8  Code  Gb  stm32f10x_tim.o [2]
TIM_Cmd                  0x800'2fa7   0x1c  Code  Gb  stm32f10x_tim.o [2]
TIM_ITConfig             0x800'2fc3   0x18  Code  Gb  stm32f10x_tim.o [2]
TIM_TimeBaseInit         0x800'2f15   0x92  Code  Gb  stm32f10x_tim.o [2]
Touch_Adjust             0x800'12a3  0x2ee  Code  Gb  touch.o [2]
Touch_Configuration      0x800'1185   0x52  Code  Gb  touch.o [2]
Touch_GetXY              0x800'1145   0x40  Code  Gb  touch.o [2]
Touch_GexX               0x800'1005   0xa0  Code  Gb  touch.o [2]
Touch_GexY               0x800'10a5   0xa0  Code  Gb  touch.o [2]
UsageFault_Handler       0x800'3329    0x2  Code  Gb  stm32f10x_it.o [3]
WriteOneHz               0x800'0b97   0xe6  Code  Lc  lcd.o [2]
__NVIC_EnableIRQ         0x800'2b21   0x1e  Code  Lc  main.o [3]
__aeabi_cfcmple          0x800'1ad9         Code  Gb  FltCmpLe.o [5]
__aeabi_cfrcmple         0x800'1b01         Code  Gb  FltCmpGe.o [5]
__aeabi_d2iz             0x800'1989         Code  Gb  DblToS32.o [5]
__aeabi_f2iz             0x800'1851         Code  Gb  FltToS32.o [5]
__aeabi_fadd             0x800'16e1         Code  Gb  FltAddSub.o [5]
__aeabi_fdiv             0x800'19c1         Code  Gb  FltDiv.o [5]
__aeabi_fmul             0x800'15e5         Code  Gb  FltMul.o [5]
__aeabi_fsub             0x800'17c1         Code  Gb  FltAddSub.o [5]
__aeabi_i2f              0x800'16bd         Code  Gb  S32ToFlt.o [5]
__aeabi_ui2d             0x800'1879         Code  Gb  U32ToDbl.o [5]
__aeabi_ui2f             0x800'15c9         Code  Gb  U32ToFlt.o [5]
__cmain                  0x800'32bd         Code  Gb  cmain.o [6]
__exit                   0x800'32f1   0x14  Code  Gb  exit.o [7]
__iar_data_init3         0x800'3285   0x28  Code  Gb  data_init.o [6]
__iar_program_start      0x800'3305         Code  Gb  cstartup_M.o [6]
__iar_sqrt64             0x800'1895         Code  Gb  sqrt.o [5]
__iar_zero_init3         0x800'324d   0x38  Code  Gb  zero_init3.o [6]
__low_level_init         0x800'32db    0x4  Code  Gb  low_level_init.o [4]
__vector_table           0x800'0000         Data  Gb  startup_stm32f10x_cl.o [2]
_call_main               0x800'32c9         Code  Gb  cmain.o [6]
_exit                    0x800'32e5         Code  Gb  cexit.o [6]
abs                      0x800'0e25    0x8  Code  Gb  abs.o [4]
asc2_1206                0x800'26ac  0x474  Data  Gb  lcd.o [2]
asc2_1608                0x800'1b28  0x5f0  Data  Gb  lcd.o [2]
count                   0x2000'0010    0x2  Data  Gb  main.o [3]
exit                     0x800'32df    0x4  Code  Gb  exit.o [4]
findHzIndex              0x800'0b4f   0x48  Code  Lc  lcd.o [2]
flag                    0x2000'0012    0x2  Data  Gb  main.o [3]
led_1                   0x2000'000c    0x2  Data  Gb  main.o [3]
led_1_flag              0x2000'0014    0x2  Data  Gb  main.o [3]
led_2                   0x2000'000e    0x2  Data  Gb  main.o [3]
led_2_flag              0x2000'0016    0x2  Data  Gb  main.o [3]
led_on                  0x2000'000a    0x2  Data  Gb  main.o [3]
main                     0x800'2d7b  0x158  Code  Gb  main.o [3]
mypow                    0x800'0333   0x18  Code  Lc  lcd.o [2]
sqrt                     0x800'1895         Code  Gb  sqrt.o [5]
sqrtl                    0x800'1895         Code  Gb  sqrt.o [5]
xfac                    0x2000'0000    0x4  Data  Gb  touch.o [2]
xoff                    0x2000'0018    0x2  Data  Gb  touch.o [2]
yfac                    0x2000'0004    0x4  Data  Gb  touch.o [2]
yoff                    0x2000'001a    0x2  Data  Gb  touch.o [2]


[1] = C:\Users\juhyeonlee\Desktop\Embedded\Debug\Obj\CoreSupport
[2] = C:\Users\juhyeonlee\Desktop\Embedded\Debug\Obj\Libraries
[3] = C:\Users\juhyeonlee\Desktop\Embedded\Debug\Obj\user
[4] = dl7M_tln.a
[5] = m7M_tl.a
[6] = rt7M_tl.a
[7] = shb_l.a

  9'300 bytes of readonly  code memory
  4'140 bytes of readonly  data memory
  4'124 bytes of readwrite data memory

Errors: none
Warnings: none
